#-----------------------------------------------------------
# Vivado v2024.2 (64-bit)
# SW Build 5239630 on Fri Nov 08 22:35:27 MST 2024
# IP Build 5239520 on Sun Nov 10 16:12:51 MST 2024
# SharedData Build 5239561 on Fri Nov 08 14:39:27 MST 2024
# Start of session at: Sat Sep 20 10:58:26 2025
# Process ID         : 11064
# Current directory  : C:/myproject/verilog/lab0/OExp01-Element/OExp01-Element.runs/impl_1
# Command line       : vivado.exe -log OExp01_muxctrl.vdi -applog -product Vivado -messageDb vivado.pb -mode batch -source OExp01_muxctrl.tcl -notrace
# Log file           : C:/myproject/verilog/lab0/OExp01-Element/OExp01-Element.runs/impl_1/OExp01_muxctrl.vdi
# Journal file       : C:/myproject/verilog/lab0/OExp01-Element/OExp01-Element.runs/impl_1\vivado.jou
# Running On         : LAPTOP-3JDOGFA0
# Platform           : Windows Server 2016 or Windows 10
# Operating System   : 26100
# Processor Detail   : AMD Ryzen 7 8845H w/ Radeon 780M Graphics      
# CPU Frequency      : 3793 MHz
# CPU Physical cores : 8
# CPU Logical cores  : 16
# Host memory        : 16421 MB
# Swap memory        : 18253 MB
# Total Virtual      : 34675 MB
# Available Virtual  : 11757 MB
#-----------------------------------------------------------
source OExp01_muxctrl.tcl -notrace
