Copyright 1986-2022 Xilinx, Inc. All Rights Reserved. Copyright 2022-2024 Advanced Micro Devices, Inc. All Rights Reserved.
---------------------------------------------------------------------------------------------------------------------------------------------
| Tool Version : Vivado v.2024.2 (win64) Build 5239630 Fri Nov 08 22:35:27 MST 2024
| Date         : Thu Nov 27 16:26:25 2025
| Host         : LAPTOP-3JDOGFA0 running 64-bit major release  (build 9200)
| Command      : report_control_sets -verbose -file CSSTE_control_sets_placed.rpt
| Design       : CSSTE
| Device       : xc7a100t
---------------------------------------------------------------------------------------------------------------------------------------------

Control Set Information

Table of Contents
-----------------
1. Summary
2. Histogram
3. Flip-Flop Distribution
4. Detailed Control Set Information

1. Summary
----------

+----------------------------------------------------------+-------+
|                          Status                          | Count |
+----------------------------------------------------------+-------+
| Total control sets                                       |   120 |
|    Minimum number of control sets                        |   120 |
|    Addition due to synthesis replication                 |     0 |
|    Addition due to physical synthesis replication        |     0 |
| Unused register locations in slices containing registers |    88 |
+----------------------------------------------------------+-------+
* Control sets can be merged at opt_design using control_set_merge or merge_equivalent_drivers
** Run report_qor_suggestions for automated merging and remapping suggestions


2. Histogram
------------

+--------------------+-------+
|       Fanout       | Count |
+--------------------+-------+
| Total control sets |   120 |
| >= 0 to < 4        |     8 |
| >= 4 to < 6        |     0 |
| >= 6 to < 8        |     1 |
| >= 8 to < 10       |     2 |
| >= 10 to < 12      |    64 |
| >= 12 to < 14      |     0 |
| >= 14 to < 16      |     0 |
| >= 16              |    45 |
+--------------------+-------+
* Control sets can be remapped at either synth_design or opt_design


3. Flip-Flop Distribution
-------------------------

+--------------+-----------------------+------------------------+-----------------+--------------+
| Clock Enable | Synchronous Set/Reset | Asynchronous Set/Reset | Total Registers | Total Slices |
+--------------+-----------------------+------------------------+-----------------+--------------+
| No           | No                    | No                     |              22 |            7 |
| No           | No                    | Yes                    |              69 |           31 |
| No           | Yes                   | No                     |              28 |           12 |
| Yes          | No                    | No                     |              64 |           39 |
| Yes          | No                    | Yes                    |            1223 |          564 |
| Yes          | Yes                   | No                     |              42 |           11 |
+--------------+-----------------------+------------------------+-----------------+--------------+


4. Detailed Control Set Information
-----------------------------------

+------------------------+--------------------------------------------+-----------------------------------------+------------------+----------------+--------------+
|      Clock Signal      |                Enable Signal               |             Set/Reset Signal            | Slice Load Count | Bel Load Count | Bels / Slice |
+------------------------+--------------------------------------------+-----------------------------------------+------------------+----------------+--------------+
|  inst1/clkdiv_BUFG[11] |                                            |                                         |                1 |              1 |         1.00 |
|  inst1/clkdiv_BUFG[11] |                                            | inst/rst                                |                1 |              1 |         1.00 |
|  inst1/clkdiv_BUFG[6]  |                                            |                                         |                1 |              1 |         1.00 |
|  inst1/clkdiv_BUFG[9]  |                                            |                                         |                1 |              1 |         1.00 |
|  inst1/clkdiv_BUFG[9]  |                                            | inst/rst                                |                1 |              1 |         1.00 |
|  inst1/clkdiv_BUFG[6]  |                                            | inst/rst                                |                1 |              2 |         2.00 |
|  inst1/clkdiv_BUFG[1]  |                                            | inst/rst                                |                2 |              2 |         1.00 |
| ~inst1/Clk_CPU_BUFG    |                                            |                                         |                1 |              3 |         3.00 |
| ~inst1/Clk_CPU_BUFG    | inst5/counter_Ctrl                         | inst/rst                                |                5 |              6 |         1.20 |
|  clk_100mhz_IBUF_BUFG  | inst8/vga_debugger/display_addr_reg[6]_1   |                                         |                2 |              8 |         4.00 |
|  clk_100mhz_IBUF_BUFG  | inst8/vga_debugger/display_addr_reg[9]_4   |                                         |                2 |              8 |         4.00 |
|  clk_100mhz_IBUF_BUFG  | inst8/vga_debugger/display_addr_reg[6]_4   |                                         |                3 |             10 |         3.33 |
|  clk_100mhz_IBUF_BUFG  | inst8/vga_debugger/display_addr_reg[11]_8  |                                         |                3 |             10 |         3.33 |
|  clk_100mhz_IBUF_BUFG  | inst8/vga_debugger/display_addr_reg[11]_9  |                                         |                3 |             10 |         3.33 |
|  inst1/clkdiv_BUFG[1]  |                                            | inst8/vga_controller/h_count[9]_i_1_n_0 |                5 |             10 |         2.00 |
|  inst1/clkdiv_BUFG[1]  | inst8/vga_controller/v_count               | inst/rst                                |                3 |             10 |         3.33 |
|  clk_100mhz_IBUF_BUFG  | inst8/vga_debugger/display_addr_reg[7]_8   |                                         |                3 |             10 |         3.33 |
|  clk_100mhz_IBUF_BUFG  | inst8/vga_debugger/display_addr_reg[7]_6   |                                         |                3 |             10 |         3.33 |
|  clk_100mhz_IBUF_BUFG  | inst8/vga_debugger/display_addr_reg[8]_11  |                                         |                3 |             10 |         3.33 |
|  clk_100mhz_IBUF_BUFG  | inst8/vga_debugger/display_addr_reg[7]_0   |                                         |                3 |             10 |         3.33 |
|  clk_100mhz_IBUF_BUFG  | inst8/vga_debugger/display_addr_reg[8]_5   |                                         |                3 |             10 |         3.33 |
|  clk_100mhz_IBUF_BUFG  | inst8/vga_debugger/display_addr_reg[8]_2   |                                         |                3 |             10 |         3.33 |
|  clk_100mhz_IBUF_BUFG  | inst8/vga_debugger/display_addr_reg[9]_1   |                                         |                3 |             10 |         3.33 |
|  clk_100mhz_IBUF_BUFG  | inst8/vga_debugger/display_addr_reg[8]_1   |                                         |                3 |             10 |         3.33 |
|  clk_100mhz_IBUF_BUFG  | inst8/vga_debugger/display_addr_reg[6]_6   |                                         |                3 |             10 |         3.33 |
|  clk_100mhz_IBUF_BUFG  | inst8/vga_debugger/display_addr_reg[6]_5   |                                         |                3 |             10 |         3.33 |
|  clk_100mhz_IBUF_BUFG  | inst8/vga_debugger/display_addr_reg[7]_2   |                                         |                3 |             10 |         3.33 |
|  clk_100mhz_IBUF_BUFG  | inst8/vga_debugger/display_addr_reg[8]_3   |                                         |                3 |             10 |         3.33 |
|  clk_100mhz_IBUF_BUFG  | inst8/vga_debugger/display_addr_reg[8]_7   |                                         |                3 |             10 |         3.33 |
|  clk_100mhz_IBUF_BUFG  | inst8/vga_debugger/display_addr_reg[8]_9   |                                         |                3 |             10 |         3.33 |
|  clk_100mhz_IBUF_BUFG  | inst8/vga_debugger/display_addr_reg[7]_7   |                                         |                3 |             10 |         3.33 |
|  clk_100mhz_IBUF_BUFG  | inst8/vga_debugger/display_addr_reg[8]_0   |                                         |                3 |             10 |         3.33 |
|  clk_100mhz_IBUF_BUFG  | inst8/vga_debugger/display_addr_reg[6]_3   |                                         |                3 |             10 |         3.33 |
|  clk_100mhz_IBUF_BUFG  | inst8/vga_debugger/display_addr_reg[8]_6   |                                         |                3 |             10 |         3.33 |
|  clk_100mhz_IBUF_BUFG  | inst8/vga_debugger/display_addr_reg[6]_0   |                                         |                3 |             10 |         3.33 |
|  clk_100mhz_IBUF_BUFG  | inst8/vga_debugger/display_addr_reg[7]_3   |                                         |                3 |             10 |         3.33 |
|  clk_100mhz_IBUF_BUFG  | inst8/vga_debugger/display_addr_reg[9]_3   |                                         |                3 |             10 |         3.33 |
|  clk_100mhz_IBUF_BUFG  | inst8/vga_debugger/display_addr_reg[9]_5   |                                         |                3 |             10 |         3.33 |
|  clk_100mhz_IBUF_BUFG  | inst8/vga_debugger/display_addr_reg[7]_1   |                                         |                3 |             10 |         3.33 |
|  clk_100mhz_IBUF_BUFG  | inst8/vga_debugger/display_addr_reg[8]_4   |                                         |                3 |             10 |         3.33 |
|  clk_100mhz_IBUF_BUFG  | inst8/vga_debugger/display_addr_reg[9]_6   |                                         |                3 |             10 |         3.33 |
|  clk_100mhz_IBUF_BUFG  | inst8/vga_debugger/display_addr_reg[7]_5   |                                         |                3 |             10 |         3.33 |
|  clk_100mhz_IBUF_BUFG  | inst8/vga_debugger/display_addr_reg[6]_2   |                                         |                3 |             10 |         3.33 |
|  clk_100mhz_IBUF_BUFG  | inst8/vga_debugger/display_addr_reg[7]_9   |                                         |                3 |             10 |         3.33 |
|  clk_100mhz_IBUF_BUFG  | inst8/vga_debugger/display_addr_reg[8]_8   |                                         |                3 |             10 |         3.33 |
|  clk_100mhz_IBUF_BUFG  | inst8/vga_debugger/display_addr_reg[9]_2   |                                         |                3 |             10 |         3.33 |
|  clk_100mhz_IBUF_BUFG  | inst8/vga_debugger/display_addr_reg[9]_7   |                                         |                3 |             10 |         3.33 |
|  clk_100mhz_IBUF_BUFG  | inst8/vga_debugger/display_addr_reg[10]_10 |                                         |                3 |             10 |         3.33 |
|  clk_100mhz_IBUF_BUFG  | inst8/vga_debugger/display_addr_reg[10]_13 |                                         |                3 |             10 |         3.33 |
|  clk_100mhz_IBUF_BUFG  | inst8/vga_debugger/display_addr_reg[10]_2  |                                         |                3 |             10 |         3.33 |
|  clk_100mhz_IBUF_BUFG  | inst8/vga_debugger/display_addr_reg[11]_1  |                                         |                3 |             10 |         3.33 |
|  clk_100mhz_IBUF_BUFG  | inst8/vga_debugger/display_addr_reg[11]_11 |                                         |                3 |             10 |         3.33 |
|  clk_100mhz_IBUF_BUFG  | inst8/vga_debugger/display_addr_reg[11]_4  |                                         |                3 |             10 |         3.33 |
|  clk_100mhz_IBUF_BUFG  | inst8/vga_debugger/display_addr_reg[10]_1  |                                         |                3 |             10 |         3.33 |
|  clk_100mhz_IBUF_BUFG  | inst8/vga_debugger/display_addr_reg[10]_0  |                                         |                3 |             10 |         3.33 |
|  clk_100mhz_IBUF_BUFG  | inst8/vga_debugger/display_addr_reg[10]_9  |                                         |                3 |             10 |         3.33 |
|  clk_100mhz_IBUF_BUFG  | inst8/vga_debugger/display_addr_reg[11]_6  |                                         |                3 |             10 |         3.33 |
|  clk_100mhz_IBUF_BUFG  | inst8/vga_debugger/display_addr_reg[10]_12 |                                         |                3 |             10 |         3.33 |
|  clk_100mhz_IBUF_BUFG  | inst8/vga_debugger/display_addr_reg[10]_3  |                                         |                3 |             10 |         3.33 |
|  clk_100mhz_IBUF_BUFG  | inst8/vga_debugger/display_addr_reg[11]_7  |                                         |                3 |             10 |         3.33 |
|  clk_100mhz_IBUF_BUFG  | inst8/vga_debugger/display_addr_reg[8]_10  |                                         |                3 |             10 |         3.33 |
|  clk_100mhz_IBUF_BUFG  | inst8/vga_debugger/display_addr_reg[10]_4  |                                         |                3 |             10 |         3.33 |
|  clk_100mhz_IBUF_BUFG  | inst8/vga_debugger/display_addr_reg[10]_8  |                                         |                3 |             10 |         3.33 |
|  clk_100mhz_IBUF_BUFG  | inst8/vga_debugger/display_addr_reg[11]_0  |                                         |                3 |             10 |         3.33 |
|  clk_100mhz_IBUF_BUFG  | inst8/vga_debugger/display_addr_reg[10]_7  |                                         |                3 |             10 |         3.33 |
|  clk_100mhz_IBUF_BUFG  | inst8/vga_debugger/display_addr_reg[10]_11 |                                         |                3 |             10 |         3.33 |
|  clk_100mhz_IBUF_BUFG  | inst8/vga_debugger/display_addr_reg[10]_5  |                                         |                3 |             10 |         3.33 |
|  clk_100mhz_IBUF_BUFG  | inst8/vga_debugger/display_addr_reg[11]_10 |                                         |                3 |             10 |         3.33 |
|  clk_100mhz_IBUF_BUFG  | inst8/vga_debugger/display_addr_reg[11]_2  |                                         |                3 |             10 |         3.33 |
|  clk_100mhz_IBUF_BUFG  | inst8/vga_debugger/display_addr_reg[10]_6  |                                         |                3 |             10 |         3.33 |
|  clk_100mhz_IBUF_BUFG  | inst8/vga_debugger/display_addr_reg[11]_3  |                                         |                3 |             10 |         3.33 |
|  clk_100mhz_IBUF_BUFG  | inst8/vga_debugger/display_addr_reg[11]_5  |                                         |                3 |             10 |         3.33 |
|  clk_100mhz_IBUF_BUFG  | inst8/vga_debugger/display_addr_reg[9]_8   |                                         |                3 |             10 |         3.33 |
|  clk_100mhz_IBUF_BUFG  | inst8/vga_debugger/display_addr_reg[7]_4   |                                         |                3 |             10 |         3.33 |
|  clk_100mhz_IBUF_BUFG  | inst8/vga_debugger/display_addr_reg[9]_0   |                                         |                3 |             10 |         3.33 |
|  clk_100mhz_IBUF_BUFG  | inst/u1/sw[15]_i_1_n_0                     |                                         |                6 |             16 |         2.67 |
|  clk_100mhz_IBUF_BUFG  |                                            | inst8/vga_debugger/p_0_in               |                5 |             16 |         3.20 |
|  clk_100mhz_IBUF_BUFG  |                                            |                                         |                3 |             16 |         5.33 |
|  inst1/Clk_CPU_BUFG    | inst6/GPIOf0000000_we                      | inst/rst                                |               13 |             31 |         2.38 |
|  U2/Regs_0/clk_2       | inst3/U2/Regs_0/register[20][31]_i_1_n_0   | inst/rst                                |               13 |             32 |         2.46 |
|  U2/Regs_0/clk_2       | inst3/U2/Regs_0/register[21][31]_i_1_n_0   | inst/rst                                |               18 |             32 |         1.78 |
|  U2/Regs_0/clk_2       | inst3/U2/Regs_0/register[18][31]_i_1_n_0   | inst/rst                                |               16 |             32 |         2.00 |
|  U2/Regs_0/clk_2       | inst3/U2/Regs_0/register[16][31]_i_1_n_0   | inst/rst                                |               12 |             32 |         2.67 |
|  U2/Regs_0/clk_2       | inst3/U2/Regs_0/register[10][31]_i_1_n_0   | inst/rst                                |               13 |             32 |         2.46 |
|  U2/Regs_0/clk_2       | inst3/U2/Regs_0/register[13][31]_i_1_n_0   | inst/rst                                |               14 |             32 |         2.29 |
|  U2/Regs_0/clk_2       | inst3/U2/Regs_0/register[11][31]_i_1_n_0   | inst/rst                                |               14 |             32 |         2.29 |
|  U2/Regs_0/clk_2       | inst3/U2/Regs_0/register[19][31]_i_1_n_0   | inst/rst                                |               16 |             32 |         2.00 |
|  U2/Regs_0/clk_2       | inst3/U2/Regs_0/register[12][31]_i_1_n_0   | inst/rst                                |               14 |             32 |         2.29 |
|  U2/Regs_0/clk_2       | inst3/U2/Regs_0/register[1][31]_i_1_n_0    | inst/rst                                |               17 |             32 |         1.88 |
|  U2/Regs_0/clk_2       | inst3/U2/Regs_0/register[17][31]_i_1_n_0   | inst/rst                                |               15 |             32 |         2.13 |
|  U2/Regs_0/clk_2       | inst3/U2/Regs_0/register[24][31]_i_1_n_0   | inst/rst                                |               15 |             32 |         2.13 |
|  U2/Regs_0/clk_2       | inst3/U2/Regs_0/register[4][31]_i_1_n_0    | inst/rst                                |               19 |             32 |         1.68 |
|  U2/Regs_0/clk_2       | inst3/U2/Regs_0/register[27][31]_i_1_n_0   | inst/rst                                |               22 |             32 |         1.45 |
|  U2/Regs_0/clk_2       | inst3/U2/Regs_0/register[25][31]_i_1_n_0   | inst/rst                                |               14 |             32 |         2.29 |
|  U2/Regs_0/clk_2       | inst3/U2/Regs_0/register[6][31]_i_1_n_0    | inst/rst                                |               19 |             32 |         1.68 |
|  U2/Regs_0/clk_2       | inst3/U2/Regs_0/register[5][31]_i_1_n_0    | inst/rst                                |               14 |             32 |         2.29 |
|  U2/Regs_0/clk_2       | inst3/U2/Regs_0/register[28][31]_i_1_n_0   | inst/rst                                |               16 |             32 |         2.00 |
|  U2/Regs_0/clk_2       | inst3/U2/Regs_0/register[29][31]_i_1_n_0   | inst/rst                                |               11 |             32 |         2.91 |
|  U2/Regs_0/clk_2       | inst3/U2/Regs_0/register[31][31]_i_1_n_0   | inst/rst                                |               17 |             32 |         1.88 |
|  U2/Regs_0/clk_2       | inst3/U2/Regs_0/register[26][31]_i_1_n_0   | inst/rst                                |               17 |             32 |         1.88 |
|  U2/Regs_0/clk_2       | inst3/U2/Regs_0/register[22][31]_i_1_n_0   | inst/rst                                |               17 |             32 |         1.88 |
|  U2/Regs_0/clk_2       | inst3/U2/Regs_0/register[2][31]_i_1_n_0    | inst/rst                                |               18 |             32 |         1.78 |
|  U2/Regs_0/clk_2       | inst3/U2/Regs_0/register[7][31]_i_1_n_0    | inst/rst                                |               21 |             32 |         1.52 |
|  U2/Regs_0/clk_2       | inst3/U2/Regs_0/register[9][31]_i_1_n_0    | inst/rst                                |               11 |             32 |         2.91 |
|  U2/Regs_0/clk_2       | inst3/U2/Regs_0/register[3][31]_i_1_n_0    | inst/rst                                |               16 |             32 |         2.00 |
|  U2/Regs_0/clk_2       | inst3/U2/Regs_0/register[8][31]_i_1_n_0    | inst/rst                                |               15 |             32 |         2.13 |
|  U2/Regs_0/clk_2       | inst3/U2/Regs_0/register[30][31]_i_1_n_0   | inst/rst                                |               11 |             32 |         2.91 |
|  U2/Regs_0/clk_2       | inst3/U2/Regs_0/register[23][31]_i_1_n_0   | inst/rst                                |               16 |             32 |         2.00 |
|  U2/Regs_0/clk_2       | inst3/U2/Regs_0/register[14][31]_i_1_n_0   | inst/rst                                |               19 |             32 |         1.68 |
|  clk_100mhz_IBUF_BUFG  | inst/u1/sw_counter[0]_i_1_n_0              | inst/u1/sw_counter0_carry__0_n_2        |                8 |             32 |         4.00 |
|  U2/Regs_0/clk_2       | inst3/U2/Regs_0/register[15][31]_i_1_n_0   | inst/rst                                |               13 |             32 |         2.46 |
|  clk_100mhz_IBUF_BUFG  |                                            | inst/rst                                |                8 |             32 |         4.00 |
| ~inst1/Clk_CPU_BUFG    | inst5/counter0_Lock                        | inst/rst                                |               10 |             32 |         3.20 |
| ~inst1/Clk_CPU_BUFG    | inst5/counter1_Lock                        | inst/rst                                |                9 |             32 |         3.56 |
|  inst1/clkdiv_BUFG[6]  | inst5/counter0[31]                         | inst/rst                                |               11 |             32 |         2.91 |
| ~inst1/Clk_CPU_BUFG    | inst5/counter2_Lock                        | inst/rst                                |               11 |             32 |         2.91 |
|  inst1/Clk_CPU_BUFG    |                                            | inst/rst                                |               20 |             33 |         1.65 |
|  inst1/clkdiv_BUFG[11] | inst5/counter2[32]_i_1_n_0                 | inst/rst                                |               11 |             33 |         3.00 |
|  inst1/clkdiv_BUFG[9]  | inst5/counter1[32]_i_1_n_0                 | inst/rst                                |               11 |             33 |         3.00 |
| ~inst1/Clk_CPU_BUFG    | inst6/GPIOe0000000_we                      |                                         |               33 |             48 |         1.45 |
+------------------------+--------------------------------------------+-----------------------------------------+------------------+----------------+--------------+


