#-----------------------------------------------------------
# Vivado v2024.2 (64-bit)
# SW Build 5239630 on Fri Nov 08 22:35:27 MST 2024
# IP Build 5239520 on Sun Nov 10 16:12:51 MST 2024
# SharedData Build 5239561 on Fri Nov 08 14:39:27 MST 2024
# Start of session at: Mon Nov 24 19:41:20 2025
# Process ID         : 36588
# Current directory  : C:/myproject/verilog/lab4/lab4-test/lab4-test/lab4-test.runs/lab4_3ROM_synth_1
# Command line       : vivado.exe -log lab4_3ROM.vds -product Vivado -mode batch -messageDb vivado.pb -notrace -source lab4_3ROM.tcl
# Log file           : C:/myproject/verilog/lab4/lab4-test/lab4-test/lab4-test.runs/lab4_3ROM_synth_1/lab4_3ROM.vds
# Journal file       : C:/myproject/verilog/lab4/lab4-test/lab4-test/lab4-test.runs/lab4_3ROM_synth_1\vivado.jou
# Running On         : LAPTOP-3JDOGFA0
# Platform           : Windows Server 2016 or Windows 10
# Operating System   : 26100
# Processor Detail   : AMD Ryzen 7 8845H w/ Radeon 780M Graphics      
# CPU Frequency      : 3793 MHz
# CPU Physical cores : 8
# CPU Logical cores  : 16
# Host memory        : 16421 MB
# Swap memory        : 9777 MB
# Total Virtual      : 26199 MB
# Available Virtual  : 4871 MB
#-----------------------------------------------------------
source lab4_3ROM.tcl -notrace
