#-----------------------------------------------------------
# Vivado v2024.2 (64-bit)
# SW Build 5239630 on Fri Nov 08 22:35:27 MST 2024
# IP Build 5239520 on Sun Nov 10 16:12:51 MST 2024
# SharedData Build 5239561 on Fri Nov 08 14:39:27 MST 2024
# Start of session at: Thu Dec 18 15:45:55 2025
# Process ID         : 20064
# Current directory  : C:/myproject/verilog/lab4/lab4_int/SCPU_int/SCPU_int.runs/impl_1
# Command line       : vivado.exe -log CSSTE.vdi -applog -product Vivado -messageDb vivado.pb -mode batch -source CSSTE.tcl -notrace
# Log file           : C:/myproject/verilog/lab4/lab4_int/SCPU_int/SCPU_int.runs/impl_1/CSSTE.vdi
# Journal file       : C:/myproject/verilog/lab4/lab4_int/SCPU_int/SCPU_int.runs/impl_1\vivado.jou
# Running On         : LAPTOP-3JDOGFA0
# Platform           : Windows Server 2016 or Windows 10
# Operating System   : 26100
# Processor Detail   : AMD Ryzen 7 8845H w/ Radeon 780M Graphics      
# CPU Frequency      : 3793 MHz
# CPU Physical cores : 8
# CPU Logical cores  : 16
# Host memory        : 16421 MB
# Swap memory        : 9126 MB
# Total Virtual      : 25548 MB
# Available Virtual  : 9508 MB
#-----------------------------------------------------------
source CSSTE.tcl -notrace
